<html>
<body>
<pre>
<h1>µVision Build Log</h1>
<h2>Tool Versions:</h2>
IDE-Version: µVision V5.23.0.0
Copyright (C) 2017 ARM Ltd and ARM Germany GmbH. All rights reserved.
License Information: k m, e, LIC=----
 
Tool Versions:
Toolchain:       MDK-Lite  Version: 5.23
Toolchain Path:  C:\Keil_v5\ARM\ARMCC\Bin
C Compiler:      Armcc.exe V5.06 update 4 (build 422)
Assembler:       Armasm.exe V5.06 update 4 (build 422)
Linker/Locator:  ArmLink.exe V5.06 update 4 (build 422)
Library Manager: ArmAr.exe V5.06 update 4 (build 422)
Hex Converter:   FromElf.exe V5.06 update 4 (build 422)
CPU DLL:         SARMCM3.DLL V5.23
Dialog DLL:      DARMP1.DLL V1.27.0.0
Target DLL:      Segger\JL2CM3.dll V2.99.23.0
Dialog DLL:      TARMP1.DLL V1.26.0.0
 
<h2>Project:</h2>
C:\Users\KEVIN\Desktop\ETIQ\1.ARM_Work\ARM_CORTEX_M3_LPC1768\openLab_ARM_Example_Codes\Tutorial\Keypad\KeypadUART.uvproj
Project File Date:  08/03/2017

<h2>Output:</h2>
*** Using Compiler 'V5.06 update 4 (build 422)', folder: 'C:\Keil_v5\ARM\ARMCC\Bin'
*** Note: Rebuilding project, since 'Options->Output->Create Batch File' is selected.
Rebuild target 'Target 1'
assembling startup_LPC17xx.s...
compiling system_LPC17xx.c...
compiling main.c...
uart.h(22): warning:  #1-D: last line of file ends without a newline
  void UART0_INIT(void);
main.c(52): warning:  #940-D: missing return statement at end of non-void function "readbite" 
  }
main.c: 2 warnings, 0 errors
compiling delay.c...
compiling uart.c...
uart.h(22): warning:  #1-D: last line of file ends without a newline
  void UART0_INIT(void);
uart.c(94): warning:  #1-D: last line of file ends without a newline
  }
uart.c(68): warning:  #177-D: variable "ch"  was declared but never referenced
                char ch;
uart.c(69): warning:  #177-D: variable "i"  was declared but never referenced
      int i;
uart.c: 4 warnings, 0 errors
linking...
Program Size: Code=1848 RO-data=236 RW-data=4 ZI-data=612  
FromELF: creating hex file...
".\Objects\KeypadUART.axf" - 0 Error(s), 6 Warning(s).
Build Time Elapsed:  00:00:01
</pre>
</body>
</html>
